INFO:     Started server process [27102]
INFO:     Waiting for application startup.
[07/19/26 09:15:14] INFO     StreamableHTTP       streamable_http_manager.py:131
                             session manager                                    
                             started                                            
INFO:     Application startup complete.
INFO:     Uvicorn running on http://0.0.0.0:8000 (Press CTRL+C to quit)
INFO:     Shutting down
INFO:     Waiting for application shutdown.
[07/19/26 09:15:16] INFO     StreamableHTTP       streamable_http_manager.py:135
                             session manager                                    
                             shutting down                                      
INFO:     Application shutdown complete.
INFO:     Finished server process [27102]
INFO:     Started server process [27125]
INFO:     Waiting for application startup.
[07/19/26 09:15:27] INFO     StreamableHTTP       streamable_http_manager.py:131
                             session manager                                    
                             started                                            
INFO:     Application startup complete.
INFO:     Uvicorn running on http://0.0.0.0:8000 (Press CTRL+C to quit)
INFO:     Shutting down
INFO:     Waiting for application shutdown.
[07/19/26 09:15:28] INFO     StreamableHTTP       streamable_http_manager.py:135
                             session manager                                    
                             shutting down                                      
INFO:     Application shutdown complete.
INFO:     Finished server process [27125]
